#-----------------------------------------------------------
# Vivado v2019.1 (64-bit)
# SW Build 2552052 on Fri May 24 14:49:42 MDT 2019
# IP Build 2548770 on Fri May 24 18:01:18 MDT 2019
# Start of session at: Tue Oct 22 22:49:17 2019
# Process ID: 7344
# Current directory: D:/DrexelStudy/ECE302/hw3_pro1
# Command line: vivado.exe -gui_launcher_event rodinguilauncherevent8168 D:\DrexelStudy\ECE302\hw3_pro1\hw3_pro1.xpr
# Log file: D:/DrexelStudy/ECE302/hw3_pro1/vivado.log
# Journal file: D:/DrexelStudy/ECE302/hw3_pro1\vivado.jou
#-----------------------------------------------------------
start_gui
open_project D:/DrexelStudy/ECE302/hw3_pro1/hw3_pro1.xpr
update_compile_order -fileset sources_1
launch_simulation
source knight_rider.tcl
add_force {/knight_rider/ck} -radix hex {1 0ns} {0 50ps} -repeat_every 100ps
restart
add_force {/knight_rider/ck} -radix hex {1 0ns} {0 50ps} -repeat_every 100ps
add_force {/knight_rider/sel} -radix hex {0 0ns}
run 100 ps
run 100 ps
run 100 ps
run 100 ps
run 100 ps
add_force {/knight_rider/sel} -radix hex {1 0ns}
run 100 ps
run 100 ps
run 100 ps
close_sim
reset_run synth_1
launch_runs synth_1 -jobs 2
wait_on_run synth_1
launch_runs impl_1 -jobs 2
wait_on_run impl_1
launch_runs impl_1 -to_step write_bitstream -jobs 2
wait_on_run impl_1
