#-----------------------------------------------------------
# Vivado v2019.1 (64-bit)
# SW Build 2552052 on Fri May 24 14:49:42 MDT 2019
# IP Build 2548770 on Fri May 24 18:01:18 MDT 2019
# Start of session at: Wed Oct  9 09:59:27 2019
# Process ID: 10768
# Current directory: D:/Drexel Study/ECE302/prelab3
# Command line: vivado.exe -gui_launcher_event rodinguilauncherevent11184 D:\Drexel Study\ECE302\prelab3\prelab3.xpr
# Log file: D:/Drexel Study/ECE302/prelab3/vivado.log
# Journal file: D:/Drexel Study/ECE302/prelab3\vivado.jou
#-----------------------------------------------------------
start_gui
open_project {D:/Drexel Study/ECE302/prelab3/prelab3.xpr}
update_compile_order -fileset sources_1
launch_simulation
open_wave_config {D:/Drexel Study/ECE302/prelab3/serial_adder_behav.wcfg}
source test_serial_adder.tcl
launch_runs impl_1 -to_step write_bitstream -jobs 2
wait_on_run impl_1
reset_run synth_1
launch_runs synth_1 -jobs 2
wait_on_run synth_1
launch_runs impl_1 -jobs 2
wait_on_run impl_1
launch_runs impl_1 -to_step write_bitstream -jobs 2
wait_on_run impl_1
open_hw
connect_hw_server -url localhost:3121
current_hw_target [get_hw_targets */xilinx_tcf/Digilent/210183636716A]
set_property PARAM.FREQUENCY 15000000 [get_hw_targets */xilinx_tcf/Digilent/210183636716A]
open_hw_target
set_property PROGRAM.FILE {D:/Drexel Study/ECE302/prelab3/prelab3.runs/impl_1/test_serial_adder.bit} [get_hw_devices xc7a35t_0]
current_hw_device [get_hw_devices xc7a35t_0]
refresh_hw_device -update_hw_probes false [lindex [get_hw_devices xc7a35t_0] 0]
set_property PROBES.FILE {} [get_hw_devices xc7a35t_0]
set_property FULL_PROBES.FILE {} [get_hw_devices xc7a35t_0]
set_property PROGRAM.FILE {D:/Drexel Study/ECE302/prelab3/prelab3.runs/impl_1/test_serial_adder.bit} [get_hw_devices xc7a35t_0]
program_hw_devices [get_hw_devices xc7a35t_0]
refresh_hw_device [lindex [get_hw_devices xc7a35t_0] 0]
disconnect_hw_server localhost:3121
connect_hw_server -url localhost:3121
current_hw_target [get_hw_targets */xilinx_tcf/Digilent/210183636716A]
set_property PARAM.FREQUENCY 15000000 [get_hw_targets */xilinx_tcf/Digilent/210183636716A]
disconnect_hw_server localhost:3121
connect_hw_server -url localhost:3121
current_hw_target [get_hw_targets */xilinx_tcf/Digilent/210183636668A]
disconnect_hw_server localhost:3121
connect_hw_server
open_hw_target
set_property PROGRAM.FILE {D:/Drexel Study/ECE302/prelab3/prelab3.runs/impl_1/test_serial_adder.bit} [get_hw_devices xc7a35t_0]
current_hw_device [get_hw_devices xc7a35t_0]
refresh_hw_device -update_hw_probes false [lindex [get_hw_devices xc7a35t_0] 0]
set_property PROBES.FILE {} [get_hw_devices xc7a35t_0]
set_property FULL_PROBES.FILE {} [get_hw_devices xc7a35t_0]
set_property PROGRAM.FILE {D:/Drexel Study/ECE302/prelab3/prelab3.runs/impl_1/test_serial_adder.bit} [get_hw_devices xc7a35t_0]
program_hw_devices [get_hw_devices xc7a35t_0]
refresh_hw_device [lindex [get_hw_devices xc7a35t_0] 0]
set_property PROBES.FILE {} [get_hw_devices xc7a35t_0]
set_property FULL_PROBES.FILE {} [get_hw_devices xc7a35t_0]
set_property PROGRAM.FILE {D:/Drexel Study/ECE302/prelab3/prelab3.runs/impl_1/test_serial_adder.bit} [get_hw_devices xc7a35t_0]
program_hw_devices [get_hw_devices xc7a35t_0]
refresh_hw_device [lindex [get_hw_devices xc7a35t_0] 0]
close_sim
